------------------------------------------------------------
Timing Analyzer Summary
------------------------------------------------------------

Type  : Slow 1200mV 85C Model Setup 'clk'
Slack : -4.586
TNS   : -50.704

Type  : Slow 1200mV 85C Model Setup 'clk_fsm'
Slack : -0.024
TNS   : -0.035

Type  : Slow 1200mV 85C Model Hold 'clk_fsm'
Slack : 0.347
TNS   : 0.000

Type  : Slow 1200mV 85C Model Hold 'clk'
Slack : 0.422
TNS   : 0.000

Type  : Slow 1200mV 85C Model Minimum Pulse Width 'clk'
Slack : -3.000
TNS   : -40.881

Type  : Slow 1200mV 85C Model Minimum Pulse Width 'clk_fsm'
Slack : -1.403
TNS   : -5.612

Type  : Slow 1200mV 0C Model Setup 'clk'
Slack : -4.172
TNS   : -43.554

Type  : Slow 1200mV 0C Model Setup 'clk_fsm'
Slack : 0.064
TNS   : 0.000

Type  : Slow 1200mV 0C Model Hold 'clk_fsm'
Slack : 0.310
TNS   : 0.000

Type  : Slow 1200mV 0C Model Hold 'clk'
Slack : 0.390
TNS   : 0.000

Type  : Slow 1200mV 0C Model Minimum Pulse Width 'clk'
Slack : -3.000
TNS   : -40.881

Type  : Slow 1200mV 0C Model Minimum Pulse Width 'clk_fsm'
Slack : -1.403
TNS   : -5.612

Type  : Fast 1200mV 0C Model Setup 'clk'
Slack : -1.556
TNS   : -7.131

Type  : Fast 1200mV 0C Model Setup 'clk_fsm'
Slack : 0.552
TNS   : 0.000

Type  : Fast 1200mV 0C Model Hold 'clk_fsm'
Slack : 0.152
TNS   : 0.000

Type  : Fast 1200mV 0C Model Hold 'clk'
Slack : 0.169
TNS   : 0.000

Type  : Fast 1200mV 0C Model Minimum Pulse Width 'clk'
Slack : -3.000
TNS   : -30.945

Type  : Fast 1200mV 0C Model Minimum Pulse Width 'clk_fsm'
Slack : -1.000
TNS   : -4.000

------------------------------------------------------------
