------------------------------------------------------------
Timing Analyzer Summary
------------------------------------------------------------

Type  : Slow 1200mV 85C Model Setup 'freq_divider:clk1_seg|pulse'
Slack : -4.236
TNS   : -166.272

Type  : Slow 1200mV 85C Model Setup 'clk'
Slack : -3.104
TNS   : -98.482

Type  : Slow 1200mV 85C Model Hold 'freq_divider:clk1_seg|pulse'
Slack : 0.347
TNS   : 0.000

Type  : Slow 1200mV 85C Model Hold 'clk'
Slack : 0.589
TNS   : 0.000

Type  : Slow 1200mV 85C Model Minimum Pulse Width 'clk'
Slack : -3.000
TNS   : -49.299

Type  : Slow 1200mV 85C Model Minimum Pulse Width 'freq_divider:clk1_seg|pulse'
Slack : -1.403
TNS   : -84.180

Type  : Slow 1200mV 0C Model Setup 'freq_divider:clk1_seg|pulse'
Slack : -3.797
TNS   : -147.294

Type  : Slow 1200mV 0C Model Setup 'clk'
Slack : -2.798
TNS   : -88.186

Type  : Slow 1200mV 0C Model Hold 'freq_divider:clk1_seg|pulse'
Slack : 0.311
TNS   : 0.000

Type  : Slow 1200mV 0C Model Hold 'clk'
Slack : 0.527
TNS   : 0.000

Type  : Slow 1200mV 0C Model Minimum Pulse Width 'clk'
Slack : -3.000
TNS   : -49.299

Type  : Slow 1200mV 0C Model Minimum Pulse Width 'freq_divider:clk1_seg|pulse'
Slack : -1.403
TNS   : -84.180

Type  : Fast 1200mV 0C Model Setup 'freq_divider:clk1_seg|pulse'
Slack : -1.197
TNS   : -34.726

Type  : Fast 1200mV 0C Model Setup 'clk'
Slack : -0.662
TNS   : -20.373

Type  : Fast 1200mV 0C Model Hold 'freq_divider:clk1_seg|pulse'
Slack : 0.151
TNS   : 0.000

Type  : Fast 1200mV 0C Model Hold 'clk'
Slack : 0.220
TNS   : 0.000

Type  : Fast 1200mV 0C Model Minimum Pulse Width 'clk'
Slack : -3.000
TNS   : -37.549

Type  : Fast 1200mV 0C Model Minimum Pulse Width 'freq_divider:clk1_seg|pulse'
Slack : -1.000
TNS   : -60.000

------------------------------------------------------------
