------------------------------------------------------------
Timing Analyzer Summary
------------------------------------------------------------

Type  : Slow 1200mV 85C Model Setup 'clk'
Slack : -4.543
TNS   : -56.616

Type  : Slow 1200mV 85C Model Setup 'clk_fsm'
Slack : -0.220
TNS   : -0.428

Type  : Slow 1200mV 85C Model Hold 'clk_fsm'
Slack : 0.342
TNS   : 0.000

Type  : Slow 1200mV 85C Model Hold 'clk'
Slack : 0.639
TNS   : 0.000

Type  : Slow 1200mV 85C Model Minimum Pulse Width 'clk'
Slack : -3.000
TNS   : -43.687

Type  : Slow 1200mV 85C Model Minimum Pulse Width 'clk_fsm'
Slack : -1.403
TNS   : -8.418

Type  : Slow 1200mV 0C Model Setup 'clk'
Slack : -4.078
TNS   : -48.675

Type  : Slow 1200mV 0C Model Setup 'clk_fsm'
Slack : -0.119
TNS   : -0.224

Type  : Slow 1200mV 0C Model Hold 'clk_fsm'
Slack : 0.308
TNS   : 0.000

Type  : Slow 1200mV 0C Model Hold 'clk'
Slack : 0.592
TNS   : 0.000

Type  : Slow 1200mV 0C Model Minimum Pulse Width 'clk'
Slack : -3.000
TNS   : -43.687

Type  : Slow 1200mV 0C Model Minimum Pulse Width 'clk_fsm'
Slack : -1.403
TNS   : -8.418

Type  : Fast 1200mV 0C Model Setup 'clk'
Slack : -1.500
TNS   : -8.139

Type  : Fast 1200mV 0C Model Setup 'clk_fsm'
Slack : 0.478
TNS   : 0.000

Type  : Fast 1200mV 0C Model Hold 'clk_fsm'
Slack : 0.149
TNS   : 0.000

Type  : Fast 1200mV 0C Model Hold 'clk'
Slack : 0.246
TNS   : 0.000

Type  : Fast 1200mV 0C Model Minimum Pulse Width 'clk'
Slack : -3.000
TNS   : -32.826

Type  : Fast 1200mV 0C Model Minimum Pulse Width 'clk_fsm'
Slack : -1.000
TNS   : -6.000

------------------------------------------------------------
